WARNING:root:TensorBoard not available — pip install tensorboard
INFO:root:Weights restarted from checkpoints/sf_seg_dec256_init.pt, epoch 1
WARNING:root:TensorBoard not available — pip install tensorboard
INFO:root:Weights restarted from checkpoints/sf_seg_dec256_init.pt, epoch 1
INFO:root:Ep 1/120 | lr=5.00e-05 | train loss=3.3768 seg=2.7054 div=0.0537 aux=0.6176 acc=0.5105 mIoU=0.0931 | val loss=1.8983 acc=0.5923 mIoU=0.0993  sky=0.873  building, edifice=0.628  ceiling=0.604  road, route=0.586  floor, flooring=0.545  tree=0.522  runway=0.516  wall=0.513  pool table, billiard table, snooker table=0.490  grass=0.427
INFO:root:  ↳ best saved (val_miou=0.0993)
INFO:root:  ↳ visualizations saved → outputs/epoch_0001
INFO:root:Ep 2/120 | lr=1.40e-04 | train loss=2.1832 seg=1.5119 div=0.0536 aux=0.6176 acc=0.6408 mIoU=0.2427 | val loss=1.6873 acc=0.5841 mIoU=0.1334  sky=0.877  building, edifice=0.609  ceiling=0.597  road, route=0.590  runway=0.545  floor, flooring=0.541  tree=0.524  pool table, billiard table, snooker table=0.502  wall=0.483  grass=0.450
INFO:root:  ↳ best saved (val_miou=0.1334)
INFO:root:Ep 3/120 | lr=2.30e-04 | train loss=1.9720 seg=1.3022 div=0.0532 aux=0.6165 acc=0.6556 mIoU=0.2875 | val loss=1.6614 acc=0.5756 mIoU=0.1385  sky=0.874  building, edifice=0.614  ceiling=0.607  road, route=0.577  runway=0.561  floor, flooring=0.538  pool table, billiard table, snooker table=0.534  tree=0.528  wall=0.495  bed=0.437
INFO:root:  ↳ best saved (val_miou=0.1385)
INFO:root:Ep 4/120 | lr=3.20e-04 | train loss=1.9320 seg=1.2575 div=0.0531 aux=0.6214 acc=0.6563 mIoU=0.3002 | val loss=1.6530 acc=0.5703 mIoU=0.1412  sky=0.863  building, edifice=0.610  ceiling=0.601  road, route=0.567  pool table, billiard table, snooker table=0.535  floor, flooring=0.517  tree=0.509  runway=0.504  wall=0.479  grass=0.479
INFO:root:  ↳ best saved (val_miou=0.1412)
INFO:root:Ep 5/120 | lr=4.10e-04 | train loss=1.9021 seg=1.2279 div=0.0531 aux=0.6212 acc=0.6551 mIoU=0.3052 | val loss=1.6938 acc=0.5596 mIoU=0.1417  sky=0.880  building, edifice=0.605  ceiling=0.589  runway=0.570  road, route=0.557  floor, flooring=0.528  tree=0.497  pool table, billiard table, snooker table=0.492  grass=0.459  wall=0.450
INFO:root:  ↳ best saved (val_miou=0.1417)
INFO:root:Ep 6/120 | lr=5.00e-04 | train loss=1.9128 seg=1.2325 div=0.0531 aux=0.6271 acc=0.6522 mIoU=0.3040 | val loss=1.7141 acc=0.5537 mIoU=0.1340  sky=0.867  ceiling=0.591  building, edifice=0.589  runway=0.566  road, route=0.542  floor, flooring=0.521  tree=0.512  wall=0.468  car, auto, automobile, machine, motorcar=0.440  bed=0.417
INFO:root:Ep 7/120 | lr=5.00e-04 | train loss=1.8701 seg=1.1937 div=0.0531 aux=0.6233 acc=0.6592 mIoU=0.3135 | val loss=1.7136 acc=0.5574 mIoU=0.1409  sky=0.858  building, edifice=0.618  road, route=0.596  ceiling=0.596  runway=0.548  floor, flooring=0.523  tree=0.515  pool table, billiard table, snooker table=0.502  wall=0.471  skyscraper=0.450
INFO:root:Ep 8/120 | lr=5.00e-04 | train loss=1.8455 seg=1.1703 div=0.0531 aux=0.6220 acc=0.6640 mIoU=0.3209 | val loss=1.6458 acc=0.5692 mIoU=0.1444  sky=0.882  building, edifice=0.616  ceiling=0.599  road, route=0.583  tree=0.528  floor, flooring=0.508  pool table, billiard table, snooker table=0.499  wall=0.466  skyscraper=0.458  runway=0.456
INFO:root:  ↳ best saved (val_miou=0.1444)
INFO:root:Ep 9/120 | lr=4.99e-04 | train loss=1.8237 seg=1.1500 div=0.0531 aux=0.6206 acc=0.6659 mIoU=0.3265 | val loss=1.6785 acc=0.5607 mIoU=0.1379  sky=0.860  building, edifice=0.612  ceiling=0.586  pool table, billiard table, snooker table=0.542  runway=0.531  floor, flooring=0.515  tree=0.515  road, route=0.503  wall=0.470  grass=0.440
INFO:root:Ep 10/120 | lr=4.99e-04 | train loss=1.8043 seg=1.1327 div=0.0530 aux=0.6186 acc=0.6704 mIoU=0.3302 | val loss=1.6828 acc=0.5545 mIoU=0.1439  sky=0.867  building, edifice=0.603  ceiling=0.592  floor, flooring=0.534  tree=0.515  pool table, billiard table, snooker table=0.498  road, route=0.484  bed=0.457  car, auto, automobile, machine, motorcar=0.446  grass=0.438
INFO:root:  ↳ visualizations saved → outputs/epoch_0010
INFO:root:Ep 11/120 | lr=4.98e-04 | train loss=2.5826 seg=1.9059 div=0.0531 aux=0.6236 acc=0.6595 mIoU=0.3200 | val loss=1.7429 acc=0.5562 mIoU=0.1354  sky=0.869  building, edifice=0.603  ceiling=0.591  road, route=0.569  pool table, billiard table, snooker table=0.535  tree=0.523  floor, flooring=0.518  wall=0.461  bed=0.421  car, auto, automobile, machine, motorcar=0.420
INFO:root:Ep 12/120 | lr=4.97e-04 | train loss=2.5061 seg=1.8321 div=0.0532 aux=0.6208 acc=0.6615 mIoU=0.3229 | val loss=1.6975 acc=0.5776 mIoU=0.1420  sky=0.870  building, edifice=0.631  road, route=0.593  ceiling=0.591  floor, flooring=0.527  tree=0.518  wall=0.485  grass=0.471  pool table, billiard table, snooker table=0.450  car, auto, automobile, machine, motorcar=0.439
INFO:root:Ep 13/120 | lr=4.96e-04 | train loss=2.4696 seg=1.7938 div=0.0532 aux=0.6227 acc=0.6642 mIoU=0.3289 | val loss=1.7227 acc=0.5684 mIoU=0.1435  sky=0.875  building, edifice=0.597  ceiling=0.596  road, route=0.566  tree=0.512  grass=0.506  floor, flooring=0.503  wall=0.475  pool table, billiard table, snooker table=0.450  car, auto, automobile, machine, motorcar=0.428
INFO:root:Ep 14/120 | lr=4.94e-04 | train loss=2.4424 seg=1.7690 div=0.0531 aux=0.6203 acc=0.6676 mIoU=0.3326 | val loss=1.7281 acc=0.5710 mIoU=0.1474  sky=0.873  building, edifice=0.607  ceiling=0.587  road, route=0.572  pool table, billiard table, snooker table=0.557  floor, flooring=0.541  tree=0.532  grass=0.504  wall=0.459  runway=0.441
INFO:root:  ↳ best saved (val_miou=0.1474)
